src/components/AdminPanel.tsx(1,44): error TS6133: 'Edit2' is declared but its value is never read.
src/components/AdminPanel.tsx(1,51): error TS6133: 'ExternalLink' is declared but its value is never read.
